Script started on Sat Oct 20 14:49:20 2018
[?1034hbash-3.2$ ls
#README.md#	README.md~	image		typescript
README.md	file		script
bash-3.2$ emas[Kcs pty[K[K[Ktest.py
[?1049h[?12;25h[?1h=[44;1H[?25l----:---F1  [1m*scratch*   [0m   All L1     (Fundamental)--------------------------------------
[A[H[?12l[?25h[?12;25h[45d[?25lLoading subst-ksc...[K[H[?12l[?25h[?12;25h[45;21H[?25ldone[H[?12l[?25h[?12;25h[45;15H[?25lgb2312...[K[H[?12l[?25h[?12;25h[45;24H[?25ldone[H[?12l[?25h[?12;25h[45;15H[?25lbig5...[K[H[?12l[?25h[?12;25h[45;22H[?25ldone[H[?12l[?25h[?12;25h[45;15H[?25ljis...[K[H[?12l[?25h[?12;25h[45;21H[?25ldone[H[?12l[?25h[?12;25h[H[2J[45d[?25lLoading encoded-kb...[K[H[?12l[?25h[?12;25h[45;22H[?25ldone[H[?12l[?25h[?12;25h[45d[K[?1l>[?12l[?25h[?1049l[39;49m[?1049h[?12;25h[?1h=[H[2J[45d[K[?1l>[?12l[?25h[?1049l[39;49m[?1049h[?12;25h[?1h=[45;1H[?25lFor information about the GNU Project and its goals, type C-h C-p.[K[H
[?12l[?25h[?12;25h[45d[?25l(New file)[K[H
[?12l[?25h[?12;25h[45d[?25lLoading image...[H
[?12l[?25h[?12;25h[45;17H[?25ldone[H
[?12l[?25h[?12;25h[45;9H[?25lpython...[K[H
[?12l[?25h[?12;25h[45;9H[?25leasymenu...[H
[?12l[?25h[?12;25h[45;20H[?25ldone[H
[?12l[?25h[?12;25h[45;9H[?25lpython...done[K[H
[?12l[?25h[?12;25h[45d[?25lLoading python...done[K[H[K
[K
[K
[K
[K
[K
[K
[K
[K
[K
[K
[K
[K
[K
[K
[K
[K
[K
[K
[K
[K
[K
[K
[K
[K
[K
[K
[K
[K
[K
[K
[K
[K
[K
[K
[K
[K
[K
[K
[K
[K
[K
[K
[30m[48;5;250m-uuu:---F1  [39;49m[1m[30m[48;5;250mtest.py     [0m[39;49m[30m[48;5;250m   All L1     (Python)-------------------------------------------[39;49m
[A[H[?12l[?25h[?12;25h[45d[K[H[?25l[38;5;138m"[39;49m[44;6H[30m[48;5;250m**[39;49m[1;2H[?12l[?25h[?12;25h[K[?25l[38;5;124m#[39;49m[?12l[?25h[?12;25h[?25l[38;5;124mb[39;49m[?12l[?25h[?12;25h[?25l[38;5;124ma[39;49m[?12l[?25h[?12;25h[?25l[38;5;124mc[39;49m[?12l[?25h[?12;25h[K[K[K[45;1H[?25lAuto-saving...[1;2H[?12l[?25h[?12;25h[45;15H[?25ldone[1;2H[?12l[?25h[?12;25h[45;1H[K[1;2H[?25l[38;5;124m![39;49m[?12l[?25h[?12;25h[?25l[38;5;124m [39;49m[?12l[?25h[?12;25h[K[?25l[38;5;124m/[39;49m[?12l[?25h[?12;25h[?25l[38;5;124mu[39;49m[?12l[?25h[?12;25h[?25l[38;5;124ms[39;49m[?12l[?25h[?12;25h[?25l[38;5;124me[39;49m[?12l[?25h[?12;25h[?25l[38;5;124mr[39;49m[?12l[?25h[?12;25h[K[K[K[?25l[38;5;124mr[39;49m[?12l[?25h[?12;25h[K[?25l[38;5;124ms[39;49m[?12l[?25h[?12;25h[?25l[38;5;124mr[39;49m[?12l[?25h[?12;25h[?25l[38;5;124m/[39;49m[?12l[?25h[?12;25h[?25l[38;5;124mb[39;49m[?12l[?25h[?12;25h[?25l[38;5;124mi[39;49m[?12l[?25h[?12;25h[?25l[38;5;124mn[39;49m[?12l[?25h[?12;25h[?25l[38;5;124m/[39;49m[?12l[?25h[?12;25h[?25l[38;5;124mb[39;49m[?12l[?25h[?12;25h[K[?25l[38;5;124mn[39;49m[?12l[?25h[?12;25h[?25l[38;5;124mv[39;49m[?12l[?25h[?12;25h[?25l[38;5;124m [39;49m[?12l[?25h[?12;25h[K[K[?25l[38;5;124mn[39;49m[?12l[?25h[?12;25h[K[K[?25l[38;5;124me[39;49m[?12l[?25h[?12;25h[?25l[38;5;124mn[39;49m[?12l[?25h[?12;25h[?25l[38;5;124mv[39;49m[?12l[?25h[?12;25h[?25l[38;5;124m [39;49m[?12l[?25h[?12;25h[?25l[38;5;124mp[39;49m[?12l[?25h[?12;25h[?25l[38;5;124my[39;49m[?12l[?25h[?12;25h[?25l[38;5;124mt[39;49m[?12l[?25h[?12;25h[?25l[38;5;124mh[39;49m[?12l[?25h[?12;25h[?25l[38;5;124mo[39;49m[?12l[?25h[?12;25h[?25l[38;5;124m2[39;49m[?12l[?25h[?12;25h[K[?25l[38;5;124m3[39;49m[?12l[?25h[?12;25h[?25l[38;5;124m                                                                    [39;49m
[44;33H[30m[48;5;250m2[39;49m[H
[?12l[?25h[?12;25h[?25l[38;5;138m"[39;49m[?12l[?25h[?12;25h[K[?25l[38;5;124m#[39;49m[?12l[?25h[?12;25h[?25l[38;5;124mc[39;49m[?12l[?25h[?12;25h[?25l[38;5;124mo[39;49m[?12l[?25h[?12;25h[?25l[38;5;124mr[39;49m[?12l[?25h[?12;25h[K[?25l[38;5;124md[39;49m[?12l[?25h[?12;25h[?25l[38;5;124mi[39;49m[?12l[?25h[?12;25h[?25l[38;5;124mn[39;49m[?12l[?25h[?12;25h[?25l[38;5;124mg[39;49m[?12l[?25h[?12;25h[?25l[38;5;124m:[39;49m[?12l[?25h[?12;25h[?25l[38;5;124mu[39;49m[?12l[?25h[?12;25h[?25l[38;5;124mt[39;49m[?12l[?25h[?12;25h[?25l[38;5;124mf[39;49m[?12l[?25h[?12;25h[?25l[38;5;124m-[39;49m[?12l[?25h[?12;25h[?25l[38;5;124m8[39;49m[?12l[?25h[?12;25h[?25l[38;5;124m                                                                            [39;49m
[44;33H[30m[48;5;250m3[39;49m[H

[?12l[?25h[?12;25h[44;33H[?25l[30m[48;5;250m4[39;49m[4;1H[?12l[?25h[?12;25h[44;33H[?25l[30m[48;5;250m5[39;49m[5;1H[?12l[?25h[?12;25h[?25lp[?12l[?25h[?12;25h[?25lr[?12l[?25h[?12;25h[?25li[?12l[?25h[?12;25h[?25lt[?12l[?25h[?12;25h[?25ln[?12l[?25h[?12;25h[K[?25ln[?12l[?25h[?12;25h[K[K[?25ln[?12l[?25h[?12;25h[?25l[38;5;129mprint[39;49m[?12l[?25h[?12;25h[C[?25l([?12l[?25h[?12;25h[?25l)[?12l[?25h[?12;25h	[?25lt)[?12l[?25h[?12;25h[?25le)[?12l[?25h[?12;25h[?25ls)[?12l[?25h[?12;25h[?25lt)[?12l[?25h[?12;25h[?25l[38;5;138m"test)[39;49m	[?12l[?25h[?12;25h	[C[C[C[?25l[38;5;138m"[39;49m)[?12l[?25h[?12;25h[45;1H[?25lWrote /Users/yotti/git/CTF/writeup/20181001_picoCTF2018/test.py[5;13H[?12l[?25h[?12;25h[44;6H[?25l[30m[48;5;250m--[39;49m[5;13H[?12l[?25h[?12;25h[45;1H[K[5;13H[?25lx)[44;6H[30m[48;5;250m**[39;49m[5;14H[?12l[?25h[?12;25h[45;1H[?25lC-c DEL is undefined[5;14H[?12l[?25h[?12;25h[45;1H[K[5;13H[?25l)[K[?12l[?25h[?12;25h[45;1H[?25lWrote /Users/yotti/git/CTF/writeup/20181001_picoCTF2018/test.py[5;13H[?12l[?25h[?12;25h[44;6H[?25l[30m[48;5;250m--[39;49m[5;13H[?12l[?25h[?12;25h[45;1H[K[5;13H[45;1H[?25lC-x c is undefined[5;13H[?12l[?25h[?12;25h[45;1H[K[5;13H[K
[?25l)[44;6H[30m[48;5;250m**-F1  [39;49m[1m[30m[48;5;250mtest.py     [0m[39;49m[30m[48;5;250m   All L6[39;49m[6;1H[?12l[?25h[?12;25h[A[?25l)[K
[K[44;33H[30m[48;5;250m5[39;49m[5;1H[?12l[?25h[?12;25h[C[K[44;33H[?25l[30m[48;5;250m4[39;49m[4;1H[?12l[?25h[?12;25h[?25lp[?12l[?25h[?12;25h[?25lr[?12l[?25h[?12;25h[?25li[?12l[?25h[?12;25h[?25ln[?12l[?25h[?12;25h[K[K[K[?25lr[?12l[?25h[?12;25h[?25li[?12l[?25h[?12;25h[?25ln[?12l[?25h[?12;25h[?25l[38;5;129mprint[39;49m[?12l[?25h[?12;25h[?25l([?12l[?25h[?12;25h[?25l)[?12l[?25h[?12;25h[C[?25lt)[?12l[?25h[?12;25h[?25le)[?12l[?25h[?12;25h[?25ls)[?12l[?25h[?12;25h[?25lt)[?12l[?25h[?12;25h[C		[45;1H[K[?1l>[?12l[?25h[?1049l[39;49m
[1]+  Stopped                 emacs test.py
bash-3.2$ fg[K[Kbg
[1]+ emacs test.py &
bash-3.2$ fg
emacs test.py
[?1049h[?12;25h[?1h=[45;1H[K[H[?25l[38;5;124m#!/usr/bin/env pytho3                                                                    [39;49m
[A
[38;5;124m#coding:utf-8                                                                            [39;49m
[A
[K
[38;5;129mprint[39;49m(test)[K
[K
[K
[K
[K
[K
[K
[K
[K
[K
[K
[K
[K
[K
[K
[K
[K
[K
[K
[K
[K
[K
[K
[K
[K
[K
[K
[K
[K
[K
[K
[K
[K
[K
[K
[K
[K
[K
[K
[K
[30m[48;5;250m-uuu:**-F1  [39;49m[1m[30m[48;5;250mtest.py     [0m[39;49m[30m[48;5;250m   All L4     (Python)-------------------------------------------[39;49m
[A[4;9H[?12l[?25h[?12;25h[45;1H[?25lWrote /Users/yotti/git/CTF/writeup/20181001_picoCTF2018/test.py[4;9H[?12l[?25h[?12;25h[44;6H[?25l[30m[48;5;250m--[39;49m[4;9H[?12l[?25h[?12;25h[45;1H[K[4;9H[45;1H[?25l(No files need saving)[4;9H[?12l[?25h[?12;25h[45;1H[K[?1l>[?12l[?25h[?1049l[39;49mbash-3.2$ ls
#README.md#	README.md~	image		test.py		typescript
README.md	file		script		test.py~
bash-3.2$ ls
#README.md#	README.md~	image		test.py		typescript
README.md	file		script		test.py~
bash-3.2$ chmod +x test.py
bash-3.2$ ./test.py 
env: pytho3: No such file or directory
bash-3.2$ cd ../
bash-3.2$ ls
20180531_securityfast2018	20180901_tokyowestern2018
20180621_googleCTF2018		20181001_picoCTF2018
20180718_meetpwnCTF2018		testfile
bash-3.2$ exit
exit

Script done on Sat Oct 20 14:52:26 2018
